
[1m[46m RUN [49m[22m [36mv4.0.15 [39m[90m/Users/yuricoppe/Code/electron-apps-template[39m

